Archive member included to satisfy reference by file (symbol)

c:/program files (x86)/atmel/studio/7.0/toolchain/avr8/avr8-gnu-toolchain/bin/../lib/gcc/avr/5.4.0/avr51\libgcc.a(_divmodhi4.o)
                              Devices/DS3231.o (__divmodhi4)
c:/program files (x86)/atmel/studio/7.0/toolchain/avr8/avr8-gnu-toolchain/bin/../lib/gcc/avr/5.4.0/avr51\libgcc.a(_exit.o)
                              c:/program files (x86)/atmel/studio/7.0/toolchain/avr8/avr8-gnu-toolchain/bin/../lib/gcc/avr/5.4.0/../../../../avr/lib/avr51/crtatmega128a.o (exit)
c:/program files (x86)/atmel/studio/7.0/toolchain/avr8/avr8-gnu-toolchain/bin/../lib/gcc/avr/5.4.0/avr51\libgcc.a(_tablejump2.o)
                              Devices/DynamicTubeDriver.o (__tablejump2__)
c:/program files (x86)/atmel/studio/7.0/toolchain/avr8/avr8-gnu-toolchain/bin/../lib/gcc/avr/5.4.0/avr51\libgcc.a(_copy_data.o)
                              Devices/absTWI.o (__do_copy_data)
c:/program files (x86)/atmel/studio/7.0/toolchain/avr8/avr8-gnu-toolchain/bin/../lib/gcc/avr/5.4.0/avr51\libgcc.a(_clear_bss.o)
                              Devices/absTWI.o (__do_clear_bss)
c:/program files (x86)/atmel/studio/7.0/toolchain/avr8/avr8-gnu-toolchain/bin/../lib/gcc/avr/5.4.0/avr51\libgcc.a(_udivmodhi4.o)
                              c:/program files (x86)/atmel/studio/7.0/toolchain/avr8/avr8-gnu-toolchain/bin/../lib/gcc/avr/5.4.0/avr51\libgcc.a(_divmodhi4.o) (__udivmodhi4)
c:/program files (x86)/atmel/studio/7.0/toolchain/avr8/avr8-gnu-toolchain/bin/../lib/gcc/avr/5.4.0/../../../../avr/lib/avr51\libc.a(sprintf.o)
                              main.o (sprintf)
c:/program files (x86)/atmel/studio/7.0/toolchain/avr8/avr8-gnu-toolchain/bin/../lib/gcc/avr/5.4.0/../../../../avr/lib/avr51\libc.a(vfprintf_std.o)
                              c:/program files (x86)/atmel/studio/7.0/toolchain/avr8/avr8-gnu-toolchain/bin/../lib/gcc/avr/5.4.0/../../../../avr/lib/avr51\libc.a(sprintf.o) (vfprintf)
c:/program files (x86)/atmel/studio/7.0/toolchain/avr8/avr8-gnu-toolchain/bin/../lib/gcc/avr/5.4.0/../../../../avr/lib/avr51\libc.a(strnlen_P.o)
                              c:/program files (x86)/atmel/studio/7.0/toolchain/avr8/avr8-gnu-toolchain/bin/../lib/gcc/avr/5.4.0/../../../../avr/lib/avr51\libc.a(vfprintf_std.o) (strnlen_P)
c:/program files (x86)/atmel/studio/7.0/toolchain/avr8/avr8-gnu-toolchain/bin/../lib/gcc/avr/5.4.0/../../../../avr/lib/avr51\libc.a(strnlen.o)
                              c:/program files (x86)/atmel/studio/7.0/toolchain/avr8/avr8-gnu-toolchain/bin/../lib/gcc/avr/5.4.0/../../../../avr/lib/avr51\libc.a(vfprintf_std.o) (strnlen)
c:/program files (x86)/atmel/studio/7.0/toolchain/avr8/avr8-gnu-toolchain/bin/../lib/gcc/avr/5.4.0/../../../../avr/lib/avr51\libc.a(fputc.o)
                              c:/program files (x86)/atmel/studio/7.0/toolchain/avr8/avr8-gnu-toolchain/bin/../lib/gcc/avr/5.4.0/../../../../avr/lib/avr51\libc.a(vfprintf_std.o) (fputc)
c:/program files (x86)/atmel/studio/7.0/toolchain/avr8/avr8-gnu-toolchain/bin/../lib/gcc/avr/5.4.0/../../../../avr/lib/avr51\libc.a(ultoa_invert.o)
                              c:/program files (x86)/atmel/studio/7.0/toolchain/avr8/avr8-gnu-toolchain/bin/../lib/gcc/avr/5.4.0/../../../../avr/lib/avr51\libc.a(vfprintf_std.o) (__ultoa_invert)

Discarded input sections

 .data          0x00000000        0x0 c:/program files (x86)/atmel/studio/7.0/toolchain/avr8/avr8-gnu-toolchain/bin/../lib/gcc/avr/5.4.0/../../../../avr/lib/avr51/crtatmega128a.o
 .bss           0x00000000        0x0 c:/program files (x86)/atmel/studio/7.0/toolchain/avr8/avr8-gnu-toolchain/bin/../lib/gcc/avr/5.4.0/../../../../avr/lib/avr51/crtatmega128a.o
 .group         0x00000000        0x8 Devices/absTWI.o
 .text          0x00000000        0x0 Devices/absTWI.o
 .data          0x00000000        0x0 Devices/absTWI.o
 .bss           0x00000000        0x0 Devices/absTWI.o
 .text._ZN6absTWID2Ev
                0x00000000        0x2 Devices/absTWI.o
 .group         0x00000000        0x8 Devices/BrightControl.o
 .text          0x00000000        0x0 Devices/BrightControl.o
 .data          0x00000000        0x0 Devices/BrightControl.o
 .bss           0x00000000        0x0 Devices/BrightControl.o
 .text._ZN13BrightControldlEPv
                0x00000000        0x2 Devices/BrightControl.o
 .text._ZN13BrightControl9getDegreeEv
                0x00000000      0x2a4 Devices/BrightControl.o
 .data.DegreeRangeHighTable
                0x00000000       0x14 Devices/BrightControl.o
 .data.DegreeRangeLowTable
                0x00000000       0x14 Devices/BrightControl.o
 .group         0x00000000        0x8 Devices/Controllers.o
 .text          0x00000000        0x0 Devices/Controllers.o
 .data          0x00000000        0x0 Devices/Controllers.o
 .bss           0x00000000        0x0 Devices/Controllers.o
 .text._ZN11ControllersD2Ev
                0x00000000        0x2 Devices/Controllers.o
 .text._ZN11Controllers4initEPvS0_S0_
                0x00000000        0x2 Devices/Controllers.o
 .text._ZN11Controllers6handleEv
                0x00000000        0x2 Devices/Controllers.o
 .text._ZN11ControllersD0Ev
                0x00000000        0x2 Devices/Controllers.o
 .text._ZN11ControllersC2Ev
                0x00000000       0x20 Devices/Controllers.o
 .text._ZN11ControllersdlEPv
                0x00000000        0x2 Devices/Controllers.o
 .rodata._ZTV11Controllers
                0x00000000        0xe Devices/Controllers.o
 .debug_info    0x00000000      0x39d Devices/Controllers.o
 .debug_abbrev  0x00000000      0x1c2 Devices/Controllers.o
 .debug_loc     0x00000000       0x40 Devices/Controllers.o
 .debug_aranges
                0x00000000       0x48 Devices/Controllers.o
 .debug_ranges  0x00000000       0x38 Devices/Controllers.o
 .debug_line    0x00000000       0xd7 Devices/Controllers.o
 .debug_str     0x00000000      0x351 Devices/Controllers.o
 .comment       0x00000000       0x31 Devices/Controllers.o
 .debug_frame   0x00000000       0x74 Devices/Controllers.o
 .group         0x00000000        0x8 Devices/Driver74141.o
 .text          0x00000000        0x0 Devices/Driver74141.o
 .data          0x00000000        0x0 Devices/Driver74141.o
 .bss           0x00000000        0x0 Devices/Driver74141.o
 .text._ZN11Driver74141dlEPv
                0x00000000        0x2 Devices/Driver74141.o
 .group         0x00000000        0x8 Devices/DS3231.o
 .text          0x00000000        0x0 Devices/DS3231.o
 .data          0x00000000        0x0 Devices/DS3231.o
 .bss           0x00000000        0x0 Devices/DS3231.o
 .text._ZN6DS3231D2Ev
                0x00000000       0x10 Devices/DS3231.o
 .text._ZN6DS32319setupModeEi
                0x00000000       0x98 Devices/DS3231.o
 .text._ZN6DS32319setMinuteEi
                0x00000000        0x6 Devices/DS3231.o
 .text._ZN6DS323112updateSecondEi
                0x00000000       0x42 Devices/DS3231.o
 .group         0x00000000        0x8 Devices/DynamicTubeDriver.o
 .text          0x00000000        0x0 Devices/DynamicTubeDriver.o
 .data          0x00000000        0x0 Devices/DynamicTubeDriver.o
 .bss           0x00000000        0x0 Devices/DynamicTubeDriver.o
 .text._ZN17DynamicTubeDriverdlEPv
                0x00000000        0x2 Devices/DynamicTubeDriver.o
 .group         0x00000000        0x8 Devices/interDevices.o
 .text          0x00000000        0x0 Devices/interDevices.o
 .data          0x00000000        0x0 Devices/interDevices.o
 .bss           0x00000000        0x0 Devices/interDevices.o
 .rodata._ZTV12InterDevices
                0x00000000        0xe Devices/interDevices.o
 .group         0x00000000        0x8 Devices/SwitchControl.o
 .text          0x00000000        0x0 Devices/SwitchControl.o
 .data          0x00000000        0x0 Devices/SwitchControl.o
 .bss           0x00000000        0x0 Devices/SwitchControl.o
 .text._ZN13SwitchControldlEPv
                0x00000000        0x2 Devices/SwitchControl.o
 .text._ZN13SwitchControl8getStateEv
                0x00000000       0x36 Devices/SwitchControl.o
 .group         0x00000000        0x8 Devices/TimeTicker.o
 .text          0x00000000        0x0 Devices/TimeTicker.o
 .data          0x00000000        0x0 Devices/TimeTicker.o
 .bss           0x00000000        0x0 Devices/TimeTicker.o
 .text._ZN10TimeTickerdlEPv
                0x00000000        0x2 Devices/TimeTicker.o
 .group         0x00000000        0x8 Devices/TWIScanner.o
 .text          0x00000000        0x0 Devices/TWIScanner.o
 .data          0x00000000        0x0 Devices/TWIScanner.o
 .bss           0x00000000        0x0 Devices/TWIScanner.o
 .text._ZN10TWIScannerC2Ev
                0x00000000       0x30 Devices/TWIScanner.o
 .text._ZN10TWIScannerD2Ev
                0x00000000       0x10 Devices/TWIScanner.o
 .text._ZN10TWIScanner13searchDevicesEv
                0x00000000       0x40 Devices/TWIScanner.o
 .text._ZN10TWIScanner15getDeviceNumberEv
                0x00000000        0x6 Devices/TWIScanner.o
 .text._ZN10TWIScanner16getDeviceAddressEi
                0x00000000       0x14 Devices/TWIScanner.o
 .rodata._ZTV10TWIScanner
                0x00000000       0x12 Devices/TWIScanner.o
 .debug_info    0x00000000      0x3da Devices/TWIScanner.o
 .debug_abbrev  0x00000000      0x260 Devices/TWIScanner.o
 .debug_loc     0x00000000      0x1f7 Devices/TWIScanner.o
 .debug_aranges
                0x00000000       0x40 Devices/TWIScanner.o
 .debug_ranges  0x00000000       0x30 Devices/TWIScanner.o
 .debug_line    0x00000000      0x119 Devices/TWIScanner.o
 .debug_str     0x00000000      0x39e Devices/TWIScanner.o
 .comment       0x00000000       0x31 Devices/TWIScanner.o
 .debug_frame   0x00000000       0x7c Devices/TWIScanner.o
 .group         0x00000000        0x8 Devices/UART.o
 .text          0x00000000        0x0 Devices/UART.o
 .data          0x00000000        0x0 Devices/UART.o
 .bss           0x00000000        0x0 Devices/UART.o
 .text._ZN4UARTdlEPv
                0x00000000        0x2 Devices/UART.o
 .text          0x00000000        0x0 main.o
 .data          0x00000000        0x0 main.o
 .bss           0x00000000        0x0 main.o
 .text          0x00000000        0x0 Objects/ClockTime.o
 .data          0x00000000        0x0 Objects/ClockTime.o
 .bss           0x00000000        0x0 Objects/ClockTime.o
 .text._ZN9ClockTimeD2Ev
                0x00000000        0x2 Objects/ClockTime.o
 .text          0x00000000        0x0 c:/program files (x86)/atmel/studio/7.0/toolchain/avr8/avr8-gnu-toolchain/bin/../lib/gcc/avr/5.4.0/avr51\libgcc.a(_divmodhi4.o)
 .data          0x00000000        0x0 c:/program files (x86)/atmel/studio/7.0/toolchain/avr8/avr8-gnu-toolchain/bin/../lib/gcc/avr/5.4.0/avr51\libgcc.a(_divmodhi4.o)
 .bss           0x00000000        0x0 c:/program files (x86)/atmel/studio/7.0/toolchain/avr8/avr8-gnu-toolchain/bin/../lib/gcc/avr/5.4.0/avr51\libgcc.a(_divmodhi4.o)
 .text.libgcc.mul
                0x00000000        0x0 c:/program files (x86)/atmel/studio/7.0/toolchain/avr8/avr8-gnu-toolchain/bin/../lib/gcc/avr/5.4.0/avr51\libgcc.a(_divmodhi4.o)
 .text.libgcc   0x00000000        0x0 c:/program files (x86)/atmel/studio/7.0/toolchain/avr8/avr8-gnu-toolchain/bin/../lib/gcc/avr/5.4.0/avr51\libgcc.a(_divmodhi4.o)
 .text.libgcc.prologue
                0x00000000        0x0 c:/program files (x86)/atmel/studio/7.0/toolchain/avr8/avr8-gnu-toolchain/bin/../lib/gcc/avr/5.4.0/avr51\libgcc.a(_divmodhi4.o)
 .text.libgcc.builtins
                0x00000000        0x0 c:/program files (x86)/atmel/studio/7.0/toolchain/avr8/avr8-gnu-toolchain/bin/../lib/gcc/avr/5.4.0/avr51\libgcc.a(_divmodhi4.o)
 .text.libgcc.fmul
                0x00000000        0x0 c:/program files (x86)/atmel/studio/7.0/toolchain/avr8/avr8-gnu-toolchain/bin/../lib/gcc/avr/5.4.0/avr51\libgcc.a(_divmodhi4.o)
 .text.libgcc.fixed
                0x00000000        0x0 c:/program files (x86)/atmel/studio/7.0/toolchain/avr8/avr8-gnu-toolchain/bin/../lib/gcc/avr/5.4.0/avr51\libgcc.a(_divmodhi4.o)
 .text          0x00000000        0x0 c:/program files (x86)/atmel/studio/7.0/toolchain/avr8/avr8-gnu-toolchain/bin/../lib/gcc/avr/5.4.0/avr51\libgcc.a(_exit.o)
 .data          0x00000000        0x0 c:/program files (x86)/atmel/studio/7.0/toolchain/avr8/avr8-gnu-toolchain/bin/../lib/gcc/avr/5.4.0/avr51\libgcc.a(_exit.o)
 .bss           0x00000000        0x0 c:/program files (x86)/atmel/studio/7.0/toolchain/avr8/avr8-gnu-toolchain/bin/../lib/gcc/avr/5.4.0/avr51\libgcc.a(_exit.o)
 .text.libgcc.mul
                0x00000000        0x0 c:/program files (x86)/atmel/studio/7.0/toolchain/avr8/avr8-gnu-toolchain/bin/../lib/gcc/avr/5.4.0/avr51\libgcc.a(_exit.o)
 .text.libgcc.div
                0x00000000        0x0 c:/program files (x86)/atmel/studio/7.0/toolchain/avr8/avr8-gnu-toolchain/bin/../lib/gcc/avr/5.4.0/avr51\libgcc.a(_exit.o)
 .text.libgcc   0x00000000        0x0 c:/program files (x86)/atmel/studio/7.0/toolchain/avr8/avr8-gnu-toolchain/bin/../lib/gcc/avr/5.4.0/avr51\libgcc.a(_exit.o)
 .text.libgcc.prologue
                0x00000000        0x0 c:/program files (x86)/atmel/studio/7.0/toolchain/avr8/avr8-gnu-toolchain/bin/../lib/gcc/avr/5.4.0/avr51\libgcc.a(_exit.o)
 .text.libgcc.builtins
                0x00000000        0x0 c:/program files (x86)/atmel/studio/7.0/toolchain/avr8/avr8-gnu-toolchain/bin/../lib/gcc/avr/5.4.0/avr51\libgcc.a(_exit.o)
 .text.libgcc.fmul
                0x00000000        0x0 c:/program files (x86)/atmel/studio/7.0/toolchain/avr8/avr8-gnu-toolchain/bin/../lib/gcc/avr/5.4.0/avr51\libgcc.a(_exit.o)
 .text.libgcc.fixed
                0x00000000        0x0 c:/program files (x86)/atmel/studio/7.0/toolchain/avr8/avr8-gnu-toolchain/bin/../lib/gcc/avr/5.4.0/avr51\libgcc.a(_exit.o)
 .text          0x00000000        0x0 c:/program files (x86)/atmel/studio/7.0/toolchain/avr8/avr8-gnu-toolchain/bin/../lib/gcc/avr/5.4.0/avr51\libgcc.a(_tablejump2.o)
 .data          0x00000000        0x0 c:/program files (x86)/atmel/studio/7.0/toolchain/avr8/avr8-gnu-toolchain/bin/../lib/gcc/avr/5.4.0/avr51\libgcc.a(_tablejump2.o)
 .bss           0x00000000        0x0 c:/program files (x86)/atmel/studio/7.0/toolchain/avr8/avr8-gnu-toolchain/bin/../lib/gcc/avr/5.4.0/avr51\libgcc.a(_tablejump2.o)
 .text.libgcc.mul
                0x00000000        0x0 c:/program files (x86)/atmel/studio/7.0/toolchain/avr8/avr8-gnu-toolchain/bin/../lib/gcc/avr/5.4.0/avr51\libgcc.a(_tablejump2.o)
 .text.libgcc.div
                0x00000000        0x0 c:/program files (x86)/atmel/studio/7.0/toolchain/avr8/avr8-gnu-toolchain/bin/../lib/gcc/avr/5.4.0/avr51\libgcc.a(_tablejump2.o)
 .text.libgcc.prologue
                0x00000000        0x0 c:/program files (x86)/atmel/studio/7.0/toolchain/avr8/avr8-gnu-toolchain/bin/../lib/gcc/avr/5.4.0/avr51\libgcc.a(_tablejump2.o)
 .text.libgcc.builtins
                0x00000000        0x0 c:/program files (x86)/atmel/studio/7.0/toolchain/avr8/avr8-gnu-toolchain/bin/../lib/gcc/avr/5.4.0/avr51\libgcc.a(_tablejump2.o)
 .text.libgcc.fmul
                0x00000000        0x0 c:/program files (x86)/atmel/studio/7.0/toolchain/avr8/avr8-gnu-toolchain/bin/../lib/gcc/avr/5.4.0/avr51\libgcc.a(_tablejump2.o)
 .text.libgcc.fixed
                0x00000000        0x0 c:/program files (x86)/atmel/studio/7.0/toolchain/avr8/avr8-gnu-toolchain/bin/../lib/gcc/avr/5.4.0/avr51\libgcc.a(_tablejump2.o)
 .text          0x00000000        0x0 c:/program files (x86)/atmel/studio/7.0/toolchain/avr8/avr8-gnu-toolchain/bin/../lib/gcc/avr/5.4.0/avr51\libgcc.a(_copy_data.o)
 .data          0x00000000        0x0 c:/program files (x86)/atmel/studio/7.0/toolchain/avr8/avr8-gnu-toolchain/bin/../lib/gcc/avr/5.4.0/avr51\libgcc.a(_copy_data.o)
 .bss           0x00000000        0x0 c:/program files (x86)/atmel/studio/7.0/toolchain/avr8/avr8-gnu-toolchain/bin/../lib/gcc/avr/5.4.0/avr51\libgcc.a(_copy_data.o)
 .text.libgcc.mul
                0x00000000        0x0 c:/program files (x86)/atmel/studio/7.0/toolchain/avr8/avr8-gnu-toolchain/bin/../lib/gcc/avr/5.4.0/avr51\libgcc.a(_copy_data.o)
 .text.libgcc.div
                0x00000000        0x0 c:/program files (x86)/atmel/studio/7.0/toolchain/avr8/avr8-gnu-toolchain/bin/../lib/gcc/avr/5.4.0/avr51\libgcc.a(_copy_data.o)
 .text.libgcc   0x00000000        0x0 c:/program files (x86)/atmel/studio/7.0/toolchain/avr8/avr8-gnu-toolchain/bin/../lib/gcc/avr/5.4.0/avr51\libgcc.a(_copy_data.o)
 .text.libgcc.prologue
                0x00000000        0x0 c:/program files (x86)/atmel/studio/7.0/toolchain/avr8/avr8-gnu-toolchain/bin/../lib/gcc/avr/5.4.0/avr51\libgcc.a(_copy_data.o)
 .text.libgcc.builtins
                0x00000000        0x0 c:/program files (x86)/atmel/studio/7.0/toolchain/avr8/avr8-gnu-toolchain/bin/../lib/gcc/avr/5.4.0/avr51\libgcc.a(_copy_data.o)
 .text.libgcc.fmul
                0x00000000        0x0 c:/program files (x86)/atmel/studio/7.0/toolchain/avr8/avr8-gnu-toolchain/bin/../lib/gcc/avr/5.4.0/avr51\libgcc.a(_copy_data.o)
 .text.libgcc.fixed
                0x00000000        0x0 c:/program files (x86)/atmel/studio/7.0/toolchain/avr8/avr8-gnu-toolchain/bin/../lib/gcc/avr/5.4.0/avr51\libgcc.a(_copy_data.o)
 .text          0x00000000        0x0 c:/program files (x86)/atmel/studio/7.0/toolchain/avr8/avr8-gnu-toolchain/bin/../lib/gcc/avr/5.4.0/avr51\libgcc.a(_clear_bss.o)
 .data          0x00000000        0x0 c:/program files (x86)/atmel/studio/7.0/toolchain/avr8/avr8-gnu-toolchain/bin/../lib/gcc/avr/5.4.0/avr51\libgcc.a(_clear_bss.o)
 .bss           0x00000000        0x0 c:/program files (x86)/atmel/studio/7.0/toolchain/avr8/avr8-gnu-toolchain/bin/../lib/gcc/avr/5.4.0/avr51\libgcc.a(_clear_bss.o)
 .text.libgcc.mul
                0x00000000        0x0 c:/program files (x86)/atmel/studio/7.0/toolchain/avr8/avr8-gnu-toolchain/bin/../lib/gcc/avr/5.4.0/avr51\libgcc.a(_clear_bss.o)
 .text.libgcc.div
                0x00000000        0x0 c:/program files (x86)/atmel/studio/7.0/toolchain/avr8/avr8-gnu-toolchain/bin/../lib/gcc/avr/5.4.0/avr51\libgcc.a(_clear_bss.o)
 .text.libgcc   0x00000000        0x0 c:/program files (x86)/atmel/studio/7.0/toolchain/avr8/avr8-gnu-toolchain/bin/../lib/gcc/avr/5.4.0/avr51\libgcc.a(_clear_bss.o)
 .text.libgcc.prologue
                0x00000000        0x0 c:/program files (x86)/atmel/studio/7.0/toolchain/avr8/avr8-gnu-toolchain/bin/../lib/gcc/avr/5.4.0/avr51\libgcc.a(_clear_bss.o)
 .text.libgcc.builtins
                0x00000000        0x0 c:/program files (x86)/atmel/studio/7.0/toolchain/avr8/avr8-gnu-toolchain/bin/../lib/gcc/avr/5.4.0/avr51\libgcc.a(_clear_bss.o)
 .text.libgcc.fmul
                0x00000000        0x0 c:/program files (x86)/atmel/studio/7.0/toolchain/avr8/avr8-gnu-toolchain/bin/../lib/gcc/avr/5.4.0/avr51\libgcc.a(_clear_bss.o)
 .text.libgcc.fixed
                0x00000000        0x0 c:/program files (x86)/atmel/studio/7.0/toolchain/avr8/avr8-gnu-toolchain/bin/../lib/gcc/avr/5.4.0/avr51\libgcc.a(_clear_bss.o)
 .text          0x00000000        0x0 c:/program files (x86)/atmel/studio/7.0/toolchain/avr8/avr8-gnu-toolchain/bin/../lib/gcc/avr/5.4.0/avr51\libgcc.a(_udivmodhi4.o)
 .data          0x00000000        0x0 c:/program files (x86)/atmel/studio/7.0/toolchain/avr8/avr8-gnu-toolchain/bin/../lib/gcc/avr/5.4.0/avr51\libgcc.a(_udivmodhi4.o)
 .bss           0x00000000        0x0 c:/program files (x86)/atmel/studio/7.0/toolchain/avr8/avr8-gnu-toolchain/bin/../lib/gcc/avr/5.4.0/avr51\libgcc.a(_udivmodhi4.o)
 .text.libgcc.mul
                0x00000000        0x0 c:/program files (x86)/atmel/studio/7.0/toolchain/avr8/avr8-gnu-toolchain/bin/../lib/gcc/avr/5.4.0/avr51\libgcc.a(_udivmodhi4.o)
 .text.libgcc   0x00000000        0x0 c:/program files (x86)/atmel/studio/7.0/toolchain/avr8/avr8-gnu-toolchain/bin/../lib/gcc/avr/5.4.0/avr51\libgcc.a(_udivmodhi4.o)
 .text.libgcc.prologue
                0x00000000        0x0 c:/program files (x86)/atmel/studio/7.0/toolchain/avr8/avr8-gnu-toolchain/bin/../lib/gcc/avr/5.4.0/avr51\libgcc.a(_udivmodhi4.o)
 .text.libgcc.builtins
                0x00000000        0x0 c:/program files (x86)/atmel/studio/7.0/toolchain/avr8/avr8-gnu-toolchain/bin/../lib/gcc/avr/5.4.0/avr51\libgcc.a(_udivmodhi4.o)
 .text.libgcc.fmul
                0x00000000        0x0 c:/program files (x86)/atmel/studio/7.0/toolchain/avr8/avr8-gnu-toolchain/bin/../lib/gcc/avr/5.4.0/avr51\libgcc.a(_udivmodhi4.o)
 .text.libgcc.fixed
                0x00000000        0x0 c:/program files (x86)/atmel/studio/7.0/toolchain/avr8/avr8-gnu-toolchain/bin/../lib/gcc/avr/5.4.0/avr51\libgcc.a(_udivmodhi4.o)
 .text          0x00000000        0x0 c:/program files (x86)/atmel/studio/7.0/toolchain/avr8/avr8-gnu-toolchain/bin/../lib/gcc/avr/5.4.0/../../../../avr/lib/avr51\libc.a(sprintf.o)
 .data          0x00000000        0x0 c:/program files (x86)/atmel/studio/7.0/toolchain/avr8/avr8-gnu-toolchain/bin/../lib/gcc/avr/5.4.0/../../../../avr/lib/avr51\libc.a(sprintf.o)
 .bss           0x00000000        0x0 c:/program files (x86)/atmel/studio/7.0/toolchain/avr8/avr8-gnu-toolchain/bin/../lib/gcc/avr/5.4.0/../../../../avr/lib/avr51\libc.a(sprintf.o)
 .text          0x00000000        0x0 c:/program files (x86)/atmel/studio/7.0/toolchain/avr8/avr8-gnu-toolchain/bin/../lib/gcc/avr/5.4.0/../../../../avr/lib/avr51\libc.a(vfprintf_std.o)
 .data          0x00000000        0x0 c:/program files (x86)/atmel/studio/7.0/toolchain/avr8/avr8-gnu-toolchain/bin/../lib/gcc/avr/5.4.0/../../../../avr/lib/avr51\libc.a(vfprintf_std.o)
 .bss           0x00000000        0x0 c:/program files (x86)/atmel/studio/7.0/toolchain/avr8/avr8-gnu-toolchain/bin/../lib/gcc/avr/5.4.0/../../../../avr/lib/avr51\libc.a(vfprintf_std.o)
 .text          0x00000000        0x0 c:/program files (x86)/atmel/studio/7.0/toolchain/avr8/avr8-gnu-toolchain/bin/../lib/gcc/avr/5.4.0/../../../../avr/lib/avr51\libc.a(strnlen_P.o)
 .data          0x00000000        0x0 c:/program files (x86)/atmel/studio/7.0/toolchain/avr8/avr8-gnu-toolchain/bin/../lib/gcc/avr/5.4.0/../../../../avr/lib/avr51\libc.a(strnlen_P.o)
 .bss           0x00000000        0x0 c:/program files (x86)/atmel/studio/7.0/toolchain/avr8/avr8-gnu-toolchain/bin/../lib/gcc/avr/5.4.0/../../../../avr/lib/avr51\libc.a(strnlen_P.o)
 .text          0x00000000        0x0 c:/program files (x86)/atmel/studio/7.0/toolchain/avr8/avr8-gnu-toolchain/bin/../lib/gcc/avr/5.4.0/../../../../avr/lib/avr51\libc.a(strnlen.o)
 .data          0x00000000        0x0 c:/program files (x86)/atmel/studio/7.0/toolchain/avr8/avr8-gnu-toolchain/bin/../lib/gcc/avr/5.4.0/../../../../avr/lib/avr51\libc.a(strnlen.o)
 .bss           0x00000000        0x0 c:/program files (x86)/atmel/studio/7.0/toolchain/avr8/avr8-gnu-toolchain/bin/../lib/gcc/avr/5.4.0/../../../../avr/lib/avr51\libc.a(strnlen.o)
 .text          0x00000000        0x0 c:/program files (x86)/atmel/studio/7.0/toolchain/avr8/avr8-gnu-toolchain/bin/../lib/gcc/avr/5.4.0/../../../../avr/lib/avr51\libc.a(fputc.o)
 .data          0x00000000        0x0 c:/program files (x86)/atmel/studio/7.0/toolchain/avr8/avr8-gnu-toolchain/bin/../lib/gcc/avr/5.4.0/../../../../avr/lib/avr51\libc.a(fputc.o)
 .bss           0x00000000        0x0 c:/program files (x86)/atmel/studio/7.0/toolchain/avr8/avr8-gnu-toolchain/bin/../lib/gcc/avr/5.4.0/../../../../avr/lib/avr51\libc.a(fputc.o)
 .text          0x00000000        0x0 c:/program files (x86)/atmel/studio/7.0/toolchain/avr8/avr8-gnu-toolchain/bin/../lib/gcc/avr/5.4.0/../../../../avr/lib/avr51\libc.a(ultoa_invert.o)
 .data          0x00000000        0x0 c:/program files (x86)/atmel/studio/7.0/toolchain/avr8/avr8-gnu-toolchain/bin/../lib/gcc/avr/5.4.0/../../../../avr/lib/avr51\libc.a(ultoa_invert.o)
 .bss           0x00000000        0x0 c:/program files (x86)/atmel/studio/7.0/toolchain/avr8/avr8-gnu-toolchain/bin/../lib/gcc/avr/5.4.0/../../../../avr/lib/avr51\libc.a(ultoa_invert.o)

Memory Configuration

Name             Origin             Length             Attributes
text             0x00000000         0x00020000         xr
data             0x00800100         0x0000ff00         rw !x
eeprom           0x00810000         0x00010000         rw !x
fuse             0x00820000         0x00000003         rw !x
lock             0x00830000         0x00000400         rw !x
signature        0x00840000         0x00000400         rw !x
user_signatures  0x00850000         0x00000400         rw !x
*default*        0x00000000         0xffffffff

Linker script and memory map

Address of section .data set to 0x800100
LOAD c:/program files (x86)/atmel/studio/7.0/toolchain/avr8/avr8-gnu-toolchain/bin/../lib/gcc/avr/5.4.0/../../../../avr/lib/avr51/crtatmega128a.o
LOAD Devices/absTWI.o
LOAD Devices/BrightControl.o
LOAD Devices/Controllers.o
LOAD Devices/Driver74141.o
LOAD Devices/DS3231.o
LOAD Devices/DynamicTubeDriver.o
LOAD Devices/interDevices.o
LOAD Devices/SwitchControl.o
LOAD Devices/TimeTicker.o
LOAD Devices/TWIScanner.o
LOAD Devices/UART.o
LOAD main.o
LOAD Objects/ClockTime.o
START GROUP
LOAD c:/program files (x86)/atmel/studio/7.0/toolchain/avr8/avr8-gnu-toolchain/bin/../lib/gcc/avr/5.4.0/../../../../avr/lib/avr51\libm.a
END GROUP
LOAD c:/program files (x86)/atmel/studio/7.0/toolchain/avr8/avr8-gnu-toolchain/bin/../lib/gcc/avr/5.4.0/avr51\libgcc.a
LOAD c:/program files (x86)/atmel/studio/7.0/toolchain/avr8/avr8-gnu-toolchain/bin/../lib/gcc/avr/5.4.0/../../../../avr/lib/avr51\libm.a
START GROUP
LOAD c:/program files (x86)/atmel/studio/7.0/toolchain/avr8/avr8-gnu-toolchain/bin/../lib/gcc/avr/5.4.0/avr51\libgcc.a
LOAD c:/program files (x86)/atmel/studio/7.0/toolchain/avr8/avr8-gnu-toolchain/bin/../lib/gcc/avr/5.4.0/../../../../avr/lib/avr51\libm.a
LOAD c:/program files (x86)/atmel/studio/7.0/toolchain/avr8/avr8-gnu-toolchain/bin/../lib/gcc/avr/5.4.0/../../../../avr/lib/avr51\libc.a
LOAD c:/program files (x86)/atmel/studio/7.0/toolchain/avr8/avr8-gnu-toolchain/bin/../lib/gcc/avr/5.4.0/../../../../avr/lib/avr51\libatmega128a.a
END GROUP
                0x00020000                __TEXT_REGION_LENGTH__ = DEFINED (__TEXT_REGION_LENGTH__)?__TEXT_REGION_LENGTH__:0x20000
                0x0000ff00                __DATA_REGION_LENGTH__ = DEFINED (__DATA_REGION_LENGTH__)?__DATA_REGION_LENGTH__:0xff00
                0x00010000                __EEPROM_REGION_LENGTH__ = DEFINED (__EEPROM_REGION_LENGTH__)?__EEPROM_REGION_LENGTH__:0x10000
                [0x00000003]                __FUSE_REGION_LENGTH__ = DEFINED (__FUSE_REGION_LENGTH__)?__FUSE_REGION_LENGTH__:0x400
                0x00000400                __LOCK_REGION_LENGTH__ = DEFINED (__LOCK_REGION_LENGTH__)?__LOCK_REGION_LENGTH__:0x400
                0x00000400                __SIGNATURE_REGION_LENGTH__ = DEFINED (__SIGNATURE_REGION_LENGTH__)?__SIGNATURE_REGION_LENGTH__:0x400
                0x00000400                __USER_SIGNATURE_REGION_LENGTH__ = DEFINED (__USER_SIGNATURE_REGION_LENGTH__)?__USER_SIGNATURE_REGION_LENGTH__:0x400

.hash
 *(.hash)

.dynsym
 *(.dynsym)

.dynstr
 *(.dynstr)

.gnu.version
 *(.gnu.version)

.gnu.version_d
 *(.gnu.version_d)

.gnu.version_r
 *(.gnu.version_r)

.rel.init
 *(.rel.init)

.rela.init
 *(.rela.init)

.rel.text
 *(.rel.text)
 *(.rel.text.*)
 *(.rel.gnu.linkonce.t*)

.rela.text
 *(.rela.text)
 *(.rela.text.*)
 *(.rela.gnu.linkonce.t*)

.rel.fini
 *(.rel.fini)

.rela.fini
 *(.rela.fini)

.rel.rodata
 *(.rel.rodata)
 *(.rel.rodata.*)
 *(.rel.gnu.linkonce.r*)

.rela.rodata
 *(.rela.rodata)
 *(.rela.rodata.*)
 *(.rela.gnu.linkonce.r*)

.rel.data
 *(.rel.data)
 *(.rel.data.*)
 *(.rel.gnu.linkonce.d*)

.rela.data
 *(.rela.data)
 *(.rela.data.*)
 *(.rela.gnu.linkonce.d*)

.rel.ctors
 *(.rel.ctors)

.rela.ctors
 *(.rela.ctors)

.rel.dtors
 *(.rel.dtors)

.rela.dtors
 *(.rela.dtors)

.rel.got
 *(.rel.got)

.rela.got
 *(.rela.got)

.rel.bss
 *(.rel.bss)

.rela.bss
 *(.rela.bss)

.rel.plt
 *(.rel.plt)

.rela.plt
 *(.rela.plt)

.text           0x00000000     0x18dc
 *(.vectors)
 .vectors       0x00000000       0x8c c:/program files (x86)/atmel/studio/7.0/toolchain/avr8/avr8-gnu-toolchain/bin/../lib/gcc/avr/5.4.0/../../../../avr/lib/avr51/crtatmega128a.o
                0x00000000                __vector_default
                0x00000000                __vectors
 *(.vectors)
 *(.progmem.gcc*)
 .progmem.gcc_sw_table._ZN17DynamicTubeDriver13driveNextTubeEv
                0x0000008c       0x14 Devices/DynamicTubeDriver.o
                0x000000a0                . = ALIGN (0x2)
                0x000000a0                __trampolines_start = .
 *(.trampolines)
 .trampolines   0x000000a0        0x0 linker stubs
 *(.trampolines*)
                0x000000a0                __trampolines_end = .
 *libprintf_flt.a:*(.progmem.data)
 *libc.a:*(.progmem.data)
 *(.progmem*)
                0x000000a0                . = ALIGN (0x2)
 *(.jumptables)
 *(.jumptables*)
 *(.lowtext)
 *(.lowtext*)
                0x000000a0                __ctors_start = .
 *(.ctors)
                0x000000a0                __ctors_end = .
                0x000000a0                __dtors_start = .
 *(.dtors)
                0x000000a0                __dtors_end = .
 SORT(*)(.ctors)
 SORT(*)(.dtors)
 *(.init0)
 .init0         0x000000a0        0x0 c:/program files (x86)/atmel/studio/7.0/toolchain/avr8/avr8-gnu-toolchain/bin/../lib/gcc/avr/5.4.0/../../../../avr/lib/avr51/crtatmega128a.o
                0x000000a0                __init
 *(.init0)
 *(.init1)
 *(.init1)
 *(.init2)
 .init2         0x000000a0        0xc c:/program files (x86)/atmel/studio/7.0/toolchain/avr8/avr8-gnu-toolchain/bin/../lib/gcc/avr/5.4.0/../../../../avr/lib/avr51/crtatmega128a.o
 *(.init2)
 *(.init3)
 *(.init3)
 *(.init4)
 .init4         0x000000ac       0x1a c:/program files (x86)/atmel/studio/7.0/toolchain/avr8/avr8-gnu-toolchain/bin/../lib/gcc/avr/5.4.0/avr51\libgcc.a(_copy_data.o)
                0x000000ac                __do_copy_data
 .init4         0x000000c6       0x10 c:/program files (x86)/atmel/studio/7.0/toolchain/avr8/avr8-gnu-toolchain/bin/../lib/gcc/avr/5.4.0/avr51\libgcc.a(_clear_bss.o)
                0x000000c6                __do_clear_bss
 *(.init4)
 *(.init5)
 *(.init5)
 *(.init6)
 *(.init6)
 *(.init7)
 *(.init7)
 *(.init8)
 *(.init8)
 *(.init9)
 .init9         0x000000d6        0x6 c:/program files (x86)/atmel/studio/7.0/toolchain/avr8/avr8-gnu-toolchain/bin/../lib/gcc/avr/5.4.0/../../../../avr/lib/avr51/crtatmega128a.o
 *(.init9)
 *(.text)
 .text          0x000000dc        0x2 c:/program files (x86)/atmel/studio/7.0/toolchain/avr8/avr8-gnu-toolchain/bin/../lib/gcc/avr/5.4.0/../../../../avr/lib/avr51/crtatmega128a.o
                0x000000dc                __vector_22
                0x000000dc                __vector_28
                0x000000dc                __vector_1
                0x000000dc                __vector_32
                0x000000dc                __vector_34
                0x000000dc                __vector_24
                0x000000dc                __vector_12
                0x000000dc                __bad_interrupt
                0x000000dc                __vector_31
                0x000000dc                __vector_3
                0x000000dc                __vector_23
                0x000000dc                __vector_25
                0x000000dc                __vector_11
                0x000000dc                __vector_13
                0x000000dc                __vector_17
                0x000000dc                __vector_19
                0x000000dc                __vector_27
                0x000000dc                __vector_33
                0x000000dc                __vector_4
                0x000000dc                __vector_9
                0x000000dc                __vector_2
                0x000000dc                __vector_21
                0x000000dc                __vector_15
                0x000000dc                __vector_29
                0x000000dc                __vector_8
                0x000000dc                __vector_26
                0x000000dc                __vector_14
                0x000000dc                __vector_18
                0x000000dc                __vector_20
                0x000000de                . = ALIGN (0x2)
 *(.text.*)
 .text._ZN6absTWI15_sequence_startEv
                0x000000de       0x2a Devices/absTWI.o
                0x000000de                _ZN6absTWI15_sequence_startEv
 .text._ZN6absTWI14_sequence_stopEv
                0x00000108        0xc Devices/absTWI.o
                0x00000108                _ZN6absTWI14_sequence_stopEv
 .text._ZN6absTWI17_sequence_addressEiNS_6OPCodeE
                0x00000114       0x54 Devices/absTWI.o
                0x00000114                _ZN6absTWI17_sequence_addressEiNS_6OPCodeE
 .text._ZN6absTWI18_sequence_readDataEPhi
                0x00000168       0x5e Devices/absTWI.o
                0x00000168                _ZN6absTWI18_sequence_readDataEPhi
 .text._ZN6absTWI19_sequence_writeDataEh
                0x000001c6       0x2e Devices/absTWI.o
                0x000001c6                _ZN6absTWI19_sequence_writeDataEh
 .text._ZN6absTWI4readEPhj
                0x000001f4       0xd0 Devices/absTWI.o
                0x000001f4                _ZN6absTWI4readEPhj
 .text._ZN6absTWI5writeEPhj
                0x000002c4       0x26 Devices/absTWI.o
                0x000002c4                _ZN6absTWI5writeEPhj
 .text._ZN6absTWIC2Ev
                0x000002ea       0x10 Devices/absTWI.o
                0x000002ea                _ZN6absTWIC2Ev
                0x000002ea                _ZN6absTWIC1Ev
 .text._ZN6absTWI4initEv
                0x000002fa       0x44 Devices/absTWI.o
                0x000002fa                _ZN6absTWI4initEv
 .text._ZN13BrightControlD2Ev
                0x0000033e        0x2 Devices/BrightControl.o
                0x0000033e                _ZN13BrightControlD1Ev
                0x0000033e                _ZN13BrightControlD2Ev
 .text._ZN13BrightControl4initEPvS0_S0_
                0x00000340        0xc Devices/BrightControl.o
                0x00000340                _ZN13BrightControl4initEPvS0_S0_
 .text._ZN13BrightControl6handleEv
                0x0000034c        0x2 Devices/BrightControl.o
                0x0000034c                _ZN13BrightControl6handleEv
 .text._ZN13BrightControlD0Ev
                0x0000034e        0x2 Devices/BrightControl.o
                0x0000034e                _ZN13BrightControlD0Ev
 .text._ZN13BrightControlC2Ev
                0x00000350       0x28 Devices/BrightControl.o
                0x00000350                _ZN13BrightControlC1Ev
                0x00000350                _ZN13BrightControlC2Ev
 .text._ZN11Driver74141D2Ev
                0x00000378        0x2 Devices/Driver74141.o
                0x00000378                _ZN11Driver74141D2Ev
                0x00000378                _ZN11Driver74141D1Ev
 .text._ZN11Driver741414initEPvS0_S0_
                0x0000037a        0xe Devices/Driver74141.o
                0x0000037a                _ZN11Driver741414initEPvS0_S0_
 .text._ZN11Driver741416handleEv
                0x00000388        0x2 Devices/Driver74141.o
                0x00000388                _ZN11Driver741416handleEv
 .text._ZN11Driver741419setOutputEh
                0x0000038a        0x4 Devices/Driver74141.o
                0x0000038a                _ZN11Driver741419setOutputEh
 .text._ZN11Driver74141D0Ev
                0x0000038e        0x2 Devices/Driver74141.o
                0x0000038e                _ZN11Driver74141D0Ev
 .text._ZN11Driver74141C2Ev
                0x00000390       0x20 Devices/Driver74141.o
                0x00000390                _ZN11Driver74141C2Ev
                0x00000390                _ZN11Driver74141C1Ev
 .text._ZN6DS32314readEPhj
                0x000003b0        0x6 Devices/DS3231.o
                0x000003b0                _ZN6DS32314readEPhj
 .text._ZN6DS3231C2Ev
                0x000003b6       0x16 Devices/DS3231.o
                0x000003b6                _ZN6DS3231C1Ev
                0x000003b6                _ZN6DS3231C2Ev
 .text._ZN6DS32318readRegsEPhiiPi
                0x000003cc      0x1e8 Devices/DS3231.o
                0x000003cc                _ZN6DS32318readRegsEPhiiPi
 .text._ZN6DS32318writeRegEih
                0x000005b4       0xfe Devices/DS3231.o
                0x000005b4                _ZN6DS32318writeRegEih
 .text._ZN6DS32318set1HzOnEv
                0x000006b2       0x58 Devices/DS3231.o
                0x000006b2                _ZN6DS32318set1HzOnEv
 .text._ZN6DS323110updateHourEi
                0x0000070a       0x28 Devices/DS3231.o
                0x0000070a                _ZN6DS323110updateHourEi
 .text._ZN6DS323112updateMinuteEi
                0x00000732       0x3c Devices/DS3231.o
                0x00000732                _ZN6DS323112updateMinuteEi
 .text._ZN17DynamicTubeDriverD2Ev
                0x0000076e        0x2 Devices/DynamicTubeDriver.o
                0x0000076e                _ZN17DynamicTubeDriverD2Ev
                0x0000076e                _ZN17DynamicTubeDriverD1Ev
 .text._ZN17DynamicTubeDriver4initEPvS0_S0_
                0x00000770       0x16 Devices/DynamicTubeDriver.o
                0x00000770                _ZN17DynamicTubeDriver4initEPvS0_S0_
 .text._ZN17DynamicTubeDriverD0Ev
                0x00000786        0x2 Devices/DynamicTubeDriver.o
                0x00000786                _ZN17DynamicTubeDriverD0Ev
 .text._ZN17DynamicTubeDriverC2Ev
                0x00000788       0x40 Devices/DynamicTubeDriver.o
                0x00000788                _ZN17DynamicTubeDriverC2Ev
                0x00000788                _ZN17DynamicTubeDriverC1Ev
 .text._ZN17DynamicTubeDriver13driveNextTubeEv
                0x000007c8      0x266 Devices/DynamicTubeDriver.o
                0x000007c8                _ZN17DynamicTubeDriver13driveNextTubeEv
 .text._ZN17DynamicTubeDriver6handleEv
                0x00000a2e        0x4 Devices/DynamicTubeDriver.o
                0x00000a2e                _ZN17DynamicTubeDriver6handleEv
 .text._ZN17DynamicTubeDriver9setBrightEi
                0x00000a32       0x26 Devices/DynamicTubeDriver.o
                0x00000a32                _ZN17DynamicTubeDriver9setBrightEi
 .text._ZN12InterDevices11regCallbackEPFiPvES0_
                0x00000a58        0xc Devices/interDevices.o
                0x00000a58                _ZN12InterDevices11regCallbackEPFiPvES0_
 .text._ZN13SwitchControlD2Ev
                0x00000a64        0x2 Devices/SwitchControl.o
                0x00000a64                _ZN13SwitchControlD2Ev
                0x00000a64                _ZN13SwitchControlD1Ev
 .text._ZN13SwitchControl4initEPvS0_S0_
                0x00000a66       0x26 Devices/SwitchControl.o
                0x00000a66                _ZN13SwitchControl4initEPvS0_S0_
 .text._ZN13SwitchControl6handleEv
                0x00000a8c        0x2 Devices/SwitchControl.o
                0x00000a8c                _ZN13SwitchControl6handleEv
 .text._ZN13SwitchControlD0Ev
                0x00000a8e        0x2 Devices/SwitchControl.o
                0x00000a8e                _ZN13SwitchControlD0Ev
 .text.__vector_16
                0x00000a90       0x36 Devices/SwitchControl.o
                0x00000a90                __vector_16
 .text.__vector_10
                0x00000ac6       0x36 Devices/SwitchControl.o
                0x00000ac6                __vector_10
 .text._ZN13SwitchControlC2Ev
                0x00000afc       0x20 Devices/SwitchControl.o
                0x00000afc                _ZN13SwitchControlC1Ev
                0x00000afc                _ZN13SwitchControlC2Ev
 .text._ZN13SwitchControl6hourUpEv
                0x00000b1c       0x10 Devices/SwitchControl.o
                0x00000b1c                _ZN13SwitchControl6hourUpEv
 .text.__vector_7
                0x00000b2c       0x7e Devices/SwitchControl.o
                0x00000b2c                __vector_7
 .text._ZN13SwitchControl8MinuteUpEv
                0x00000baa       0x10 Devices/SwitchControl.o
                0x00000baa                _ZN13SwitchControl8MinuteUpEv
 .text.__vector_6
                0x00000bba       0x7c Devices/SwitchControl.o
                0x00000bba                __vector_6
 .text._ZN10TimeTickerD2Ev
                0x00000c36        0x2 Devices/TimeTicker.o
                0x00000c36                _ZN10TimeTickerD1Ev
                0x00000c36                _ZN10TimeTickerD2Ev
 .text._ZN10TimeTicker4initEPvS0_S0_
                0x00000c38       0x20 Devices/TimeTicker.o
                0x00000c38                _ZN10TimeTicker4initEPvS0_S0_
 .text._ZN10TimeTicker6handleEv
                0x00000c58       0x1a Devices/TimeTicker.o
                0x00000c58                _ZN10TimeTicker6handleEv
 .text._ZN10TimeTickerD0Ev
                0x00000c72        0x2 Devices/TimeTicker.o
                0x00000c72                _ZN10TimeTickerD0Ev
 .text.__vector_5
                0x00000c74       0x62 Devices/TimeTicker.o
                0x00000c74                __vector_5
 .text._ZN10TimeTickerC2Ev
                0x00000cd6       0x20 Devices/TimeTicker.o
                0x00000cd6                _ZN10TimeTickerC2Ev
                0x00000cd6                _ZN10TimeTickerC1Ev
 .text._ZN4UARTD2Ev
                0x00000cf6        0x2 Devices/UART.o
                0x00000cf6                _ZN4UARTD2Ev
                0x00000cf6                _ZN4UARTD1Ev
 .text._ZN4UART4initEPvS0_S0_
                0x00000cf8       0x20 Devices/UART.o
                0x00000cf8                _ZN4UART4initEPvS0_S0_
 .text._ZN4UART6handleEv
                0x00000d18        0x2 Devices/UART.o
                0x00000d18                _ZN4UART6handleEv
 .text._ZN4UART7getCharEv
                0x00000d1a       0x10 Devices/UART.o
                0x00000d1a                _ZN4UART7getCharEv
 .text._ZN4UART7putCharEc
                0x00000d2a       0x10 Devices/UART.o
                0x00000d2a                _ZN4UART7putCharEc
 .text._ZN4UART9putStringEPc
                0x00000d3a       0x2c Devices/UART.o
                0x00000d3a                _ZN4UART9putStringEPc
 .text._ZN4UARTD0Ev
                0x00000d66        0x2 Devices/UART.o
                0x00000d66                _ZN4UARTD0Ev
 .text.__vector_30
                0x00000d68      0x116 Devices/UART.o
                0x00000d68                __vector_30
 .text._ZN4UARTC2Ev
                0x00000e7e       0x20 Devices/UART.o
                0x00000e7e                _ZN4UARTC1Ev
                0x00000e7e                _ZN4UARTC2Ev
 .text._Z13TimerCallbackPv
                0x00000e9e        0x8 main.o
                0x00000e9e                _Z13TimerCallbackPv
 .text._Z8Dev_initv
                0x00000ea6       0xd0 main.o
                0x00000ea6                _Z8Dev_initv
 .text.main     0x00000f76      0x2b8 main.o
                0x00000f76                main
 .text._ZN9ClockTimeC2Ev
                0x0000122e        0xe Objects/ClockTime.o
                0x0000122e                _ZN9ClockTimeC1Ev
                0x0000122e                _ZN9ClockTimeC2Ev
 .text._ZN9ClockTime7FlyTimeEv
                0x0000123c       0x3a Objects/ClockTime.o
                0x0000123c                _ZN9ClockTime7FlyTimeEv
 .text._ZN9ClockTime8minuteUpEv
                0x00001276       0x2c Objects/ClockTime.o
                0x00001276                _ZN9ClockTime8minuteUpEv
 .text._ZN9ClockTime6hourUpEv
                0x000012a2       0x20 Objects/ClockTime.o
                0x000012a2                _ZN9ClockTime6hourUpEv
 .text.libgcc.div
                0x000012c2       0x26 c:/program files (x86)/atmel/studio/7.0/toolchain/avr8/avr8-gnu-toolchain/bin/../lib/gcc/avr/5.4.0/avr51\libgcc.a(_divmodhi4.o)
                0x000012c2                _div
                0x000012c2                __divmodhi4
 .text.libgcc   0x000012e8       0x12 c:/program files (x86)/atmel/studio/7.0/toolchain/avr8/avr8-gnu-toolchain/bin/../lib/gcc/avr/5.4.0/avr51\libgcc.a(_tablejump2.o)
                0x000012e8                __tablejump2__
 .text.libgcc.div
                0x000012fa       0x28 c:/program files (x86)/atmel/studio/7.0/toolchain/avr8/avr8-gnu-toolchain/bin/../lib/gcc/avr/5.4.0/avr51\libgcc.a(_udivmodhi4.o)
                0x000012fa                __udivmodhi4
 .text.avr-libc
                0x00001322       0x5c c:/program files (x86)/atmel/studio/7.0/toolchain/avr8/avr8-gnu-toolchain/bin/../lib/gcc/avr/5.4.0/../../../../avr/lib/avr51\libc.a(sprintf.o)
                0x00001322                sprintf
 .text.avr-libc
                0x0000137e      0x3fa c:/program files (x86)/atmel/studio/7.0/toolchain/avr8/avr8-gnu-toolchain/bin/../lib/gcc/avr/5.4.0/../../../../avr/lib/avr51\libc.a(vfprintf_std.o)
                0x0000137e                vfprintf
 .text.avr-libc
                0x00001778       0x16 c:/program files (x86)/atmel/studio/7.0/toolchain/avr8/avr8-gnu-toolchain/bin/../lib/gcc/avr/5.4.0/../../../../avr/lib/avr51\libc.a(strnlen_P.o)
                0x00001778                strnlen_P
 .text.avr-libc
                0x0000178e       0x16 c:/program files (x86)/atmel/studio/7.0/toolchain/avr8/avr8-gnu-toolchain/bin/../lib/gcc/avr/5.4.0/../../../../avr/lib/avr51\libc.a(strnlen.o)
                0x0000178e                strnlen
 .text.avr-libc
                0x000017a4       0x78 c:/program files (x86)/atmel/studio/7.0/toolchain/avr8/avr8-gnu-toolchain/bin/../lib/gcc/avr/5.4.0/../../../../avr/lib/avr51\libc.a(fputc.o)
                0x000017a4                fputc
 .text.avr-libc
                0x0000181c       0xbc c:/program files (x86)/atmel/studio/7.0/toolchain/avr8/avr8-gnu-toolchain/bin/../lib/gcc/avr/5.4.0/../../../../avr/lib/avr51\libc.a(ultoa_invert.o)
                0x0000181c                __ultoa_invert
                0x000018d8                . = ALIGN (0x2)
 *(.fini9)
 .fini9         0x000018d8        0x0 c:/program files (x86)/atmel/studio/7.0/toolchain/avr8/avr8-gnu-toolchain/bin/../lib/gcc/avr/5.4.0/avr51\libgcc.a(_exit.o)
                0x000018d8                _exit
                0x000018d8                exit
 *(.fini9)
 *(.fini8)
 *(.fini8)
 *(.fini7)
 *(.fini7)
 *(.fini6)
 *(.fini6)
 *(.fini5)
 *(.fini5)
 *(.fini4)
 *(.fini4)
 *(.fini3)
 *(.fini3)
 *(.fini2)
 *(.fini2)
 *(.fini1)
 *(.fini1)
 *(.fini0)
 .fini0         0x000018d8        0x4 c:/program files (x86)/atmel/studio/7.0/toolchain/avr8/avr8-gnu-toolchain/bin/../lib/gcc/avr/5.4.0/avr51\libgcc.a(_exit.o)
 *(.fini0)
                0x000018dc                _etext = .

.data           0x00800100      0x188 load address 0x000018dc
                0x00800100                PROVIDE (__data_start, .)
 *(.data)
 *(.data*)
 .data._ZZ11__vector_30E10tempDegree
                0x00800100        0x2 Devices/UART.o
 *(.rodata)
 *(.rodata*)
 .rodata._ZTV6absTWI
                0x00800102       0x12 Devices/absTWI.o
                0x00800102                _ZTV6absTWI
 .rodata._ZTV13BrightControl
                0x00800114        0xe Devices/BrightControl.o
                0x00800114                _ZTV13BrightControl
 .rodata._ZTV11Driver74141
                0x00800122       0x10 Devices/Driver74141.o
                0x00800122                _ZTV11Driver74141
 .rodata.str1.1
                0x00800132       0x38 Devices/DS3231.o
 .rodata._ZTV6DS3231
                0x0080016a       0x12 Devices/DS3231.o
                0x0080016a                _ZTV6DS3231
 .rodata._ZTV17DynamicTubeDriver
                0x0080017c        0xe Devices/DynamicTubeDriver.o
                0x0080017c                _ZTV17DynamicTubeDriver
 .rodata._ZTV13SwitchControl
                0x0080018a        0xe Devices/SwitchControl.o
                0x0080018a                _ZTV13SwitchControl
 .rodata._ZTV10TimeTicker
                0x00800198        0xe Devices/TimeTicker.o
                0x00800198                _ZTV10TimeTicker
 .rodata._ZTV4UART
                0x008001a6       0x14 Devices/UART.o
                0x008001a6                _ZTV4UART
 .rodata.str1.1
                0x008001ba       0xce main.o
                                0x104 (size before relaxing)
 *(.gnu.linkonce.d*)
                0x00800288                . = ALIGN (0x2)
                0x00800288                _edata = .
                0x00800288                PROVIDE (__data_end, .)

.bss            0x00800288       0xd4
                0x00800288                PROVIDE (__bss_start, .)
 *(.bss)
 *(.bss*)
 .bss._ZN6absTWI10m_isInitedE
                0x00800288        0x2 Devices/absTWI.o
                0x00800288                _ZN6absTWI10m_isInitedE
 .bss.g_UpdateHOURFlag
                0x0080028a        0x1 Devices/SwitchControl.o
                0x0080028a                g_UpdateHOURFlag
 .bss.g_DebouncingHOURFlag
                0x0080028b        0x1 Devices/SwitchControl.o
                0x0080028b                g_DebouncingHOURFlag
 .bss.g_DebouncingTimerHOURCounter
                0x0080028c        0x1 Devices/SwitchControl.o
                0x0080028c                g_DebouncingTimerHOURCounter
 .bss.g_UpdateMINUTEFlag
                0x0080028d        0x1 Devices/SwitchControl.o
                0x0080028d                g_UpdateMINUTEFlag
 .bss.g_DebouncingMINUTEFlag
                0x0080028e        0x1 Devices/SwitchControl.o
                0x0080028e                g_DebouncingMINUTEFlag
 .bss.g_DebouncingTimerMINUTECounter
                0x0080028f        0x1 Devices/SwitchControl.o
                0x0080028f                g_DebouncingTimerMINUTECounter
 .bss.pRealTimeClock
                0x00800290        0x2 main.o
                0x00800290                pRealTimeClock
 .bss.m_pclockTime
                0x00800292        0x2 main.o
                0x00800292                m_pclockTime
 .bss.m_pDevices
                0x00800294       0xc8 main.o
                0x00800294                m_pDevices
 *(COMMON)
                0x0080035c                PROVIDE (__bss_end, .)
                0x000018dc                __data_load_start = LOADADDR (.data)
                0x00001a64                __data_load_end = (__data_load_start + SIZEOF (.data))

.noinit         0x0080035c        0x0
                [!provide]                PROVIDE (__noinit_start, .)
 *(.noinit*)
                [!provide]                PROVIDE (__noinit_end, .)
                0x0080035c                _end = .
                [!provide]                PROVIDE (__heap_start, .)

.eeprom         0x00810000        0x0
 *(.eeprom*)
                0x00810000                __eeprom_end = .

.fuse
 *(.fuse)
 *(.lfuse)
 *(.hfuse)
 *(.efuse)

.lock
 *(.lock*)

.signature
 *(.signature*)

.user_signatures
 *(.user_signatures*)

.stab
 *(.stab)

.stabstr
 *(.stabstr)

.stab.excl
 *(.stab.excl)

.stab.exclstr
 *(.stab.exclstr)

.stab.index
 *(.stab.index)

.stab.indexstr
 *(.stab.indexstr)

.comment        0x00000000       0x5c
 *(.comment)
 .comment       0x00000000       0x30 Devices/absTWI.o
                                 0x31 (size before relaxing)
 .comment       0x00000030       0x31 Devices/BrightControl.o
 .comment       0x00000030       0x31 Devices/Driver74141.o
 .comment       0x00000030       0x31 Devices/DS3231.o
 .comment       0x00000030       0x31 Devices/DynamicTubeDriver.o
 .comment       0x00000030       0x31 Devices/interDevices.o
 .comment       0x00000030       0x31 Devices/SwitchControl.o
 .comment       0x00000030       0x31 Devices/TimeTicker.o
 .comment       0x00000030       0x31 Devices/UART.o
 .comment       0x00000030       0x31 main.o
 .comment       0x00000030       0x31 Objects/ClockTime.o
 .comment       0x00000030       0x31 c:/program files (x86)/atmel/studio/7.0/toolchain/avr8/avr8-gnu-toolchain/bin/../lib/gcc/avr/5.4.0/../../../../avr/lib/avr51\libc.a(sprintf.o)
 .comment       0x00000030       0x2c c:/program files (x86)/atmel/studio/7.0/toolchain/avr8/avr8-gnu-toolchain/bin/../lib/gcc/avr/5.4.0/../../../../avr/lib/avr51\libc.a(vfprintf_std.o)
                                 0x2d (size before relaxing)
 .comment       0x0000005c       0x31 c:/program files (x86)/atmel/studio/7.0/toolchain/avr8/avr8-gnu-toolchain/bin/../lib/gcc/avr/5.4.0/../../../../avr/lib/avr51\libc.a(fputc.o)

.note.gnu.avr.deviceinfo
                0x00000000       0x40
 .note.gnu.avr.deviceinfo
                0x00000000       0x40 c:/program files (x86)/atmel/studio/7.0/toolchain/avr8/avr8-gnu-toolchain/bin/../lib/gcc/avr/5.4.0/../../../../avr/lib/avr51/crtatmega128a.o

.note.gnu.build-id
 *(.note.gnu.build-id)

.debug
 *(.debug)

.line
 *(.line)

.debug_srcinfo
 *(.debug_srcinfo)

.debug_sfnames
 *(.debug_sfnames)

.debug_aranges  0x00000000      0x398
 *(.debug_aranges)
 .debug_aranges
                0x00000000       0x68 Devices/absTWI.o
 .debug_aranges
                0x00000068       0x50 Devices/BrightControl.o
 .debug_aranges
                0x000000b8       0x50 Devices/Driver74141.o
 .debug_aranges
                0x00000108       0x70 Devices/DS3231.o
 .debug_aranges
                0x00000178       0x58 Devices/DynamicTubeDriver.o
 .debug_aranges
                0x000001d0       0x20 Devices/interDevices.o
 .debug_aranges
                0x000001f0       0x80 Devices/SwitchControl.o
 .debug_aranges
                0x00000270       0x50 Devices/TimeTicker.o
 .debug_aranges
                0x000002c0       0x68 Devices/UART.o
 .debug_aranges
                0x00000328       0x30 main.o
 .debug_aranges
                0x00000358       0x40 Objects/ClockTime.o

.debug_pubnames
 *(.debug_pubnames)

.debug_info     0x00000000     0x54e8
 *(.debug_info .gnu.linkonce.wi.*)
 .debug_info    0x00000000      0x780 c:/program files (x86)/atmel/studio/7.0/toolchain/avr8/avr8-gnu-toolchain/bin/../lib/gcc/avr/5.4.0/../../../../avr/lib/avr51/crtatmega128a.o
 .debug_info    0x00000780      0x6af Devices/absTWI.o
 .debug_info    0x00000e2f      0x468 Devices/BrightControl.o
 .debug_info    0x00001297      0x442 Devices/Driver74141.o
 .debug_info    0x000016d9      0xb96 Devices/DS3231.o
 .debug_info    0x0000226f      0xd57 Devices/DynamicTubeDriver.o
 .debug_info    0x00002fc6      0x220 Devices/interDevices.o
 .debug_info    0x000031e6      0x7da Devices/SwitchControl.o
 .debug_info    0x000039c0      0x3e6 Devices/TimeTicker.o
 .debug_info    0x00003da6      0x778 Devices/UART.o
 .debug_info    0x0000451e      0xc64 main.o
 .debug_info    0x00005182      0x366 Objects/ClockTime.o

.debug_abbrev   0x00000000     0x21b2
 *(.debug_abbrev)
 .debug_abbrev  0x00000000      0x718 c:/program files (x86)/atmel/studio/7.0/toolchain/avr8/avr8-gnu-toolchain/bin/../lib/gcc/avr/5.4.0/../../../../avr/lib/avr51/crtatmega128a.o
 .debug_abbrev  0x00000718      0x255 Devices/absTWI.o
 .debug_abbrev  0x0000096d      0x25a Devices/BrightControl.o
 .debug_abbrev  0x00000bc7      0x201 Devices/Driver74141.o
 .debug_abbrev  0x00000dc8      0x2e7 Devices/DS3231.o
 .debug_abbrev  0x000010af      0x313 Devices/DynamicTubeDriver.o
 .debug_abbrev  0x000013c2      0x150 Devices/interDevices.o
 .debug_abbrev  0x00001512      0x2f8 Devices/SwitchControl.o
 .debug_abbrev  0x0000180a      0x217 Devices/TimeTicker.o
 .debug_abbrev  0x00001a21      0x2f1 Devices/UART.o
 .debug_abbrev  0x00001d12      0x315 main.o
 .debug_abbrev  0x00002027      0x18b Objects/ClockTime.o

.debug_line     0x00000000     0x18c4
 *(.debug_line .debug_line.* .debug_line_end)
 .debug_line    0x00000000       0x1a c:/program files (x86)/atmel/studio/7.0/toolchain/avr8/avr8-gnu-toolchain/bin/../lib/gcc/avr/5.4.0/../../../../avr/lib/avr51/crtatmega128a.o
 .debug_line    0x0000001a      0x33f Devices/absTWI.o
 .debug_line    0x00000359      0x1f9 Devices/BrightControl.o
 .debug_line    0x00000552       0xf9 Devices/Driver74141.o
 .debug_line    0x0000064b      0x3b5 Devices/DS3231.o
 .debug_line    0x00000a00      0x415 Devices/DynamicTubeDriver.o
 .debug_line    0x00000e15       0x67 Devices/interDevices.o
 .debug_line    0x00000e7c      0x28f Devices/SwitchControl.o
 .debug_line    0x0000110b      0x12d Devices/TimeTicker.o
 .debug_line    0x00001238      0x206 Devices/UART.o
 .debug_line    0x0000143e      0x372 main.o
 .debug_line    0x000017b0      0x114 Objects/ClockTime.o

.debug_frame    0x00000000      0x89c
 *(.debug_frame)
 .debug_frame   0x00000000       0xdc Devices/absTWI.o
 .debug_frame   0x000000dc       0x94 Devices/BrightControl.o
 .debug_frame   0x00000170       0x84 Devices/Driver74141.o
 .debug_frame   0x000001f4      0x1a8 Devices/DS3231.o
 .debug_frame   0x0000039c       0x94 Devices/DynamicTubeDriver.o
 .debug_frame   0x00000430       0x24 Devices/interDevices.o
 .debug_frame   0x00000454      0x1ac Devices/SwitchControl.o
 .debug_frame   0x00000600       0xcc Devices/TimeTicker.o
 .debug_frame   0x000006cc      0x108 Devices/UART.o
 .debug_frame   0x000007d4       0x64 main.o
 .debug_frame   0x00000838       0x64 Objects/ClockTime.o

.debug_str      0x00000000     0x1768
 *(.debug_str)
 .debug_str     0x00000000      0x27d c:/program files (x86)/atmel/studio/7.0/toolchain/avr8/avr8-gnu-toolchain/bin/../lib/gcc/avr/5.4.0/../../../../avr/lib/avr51/crtatmega128a.o
 .debug_str     0x0000027d      0x457 Devices/absTWI.o
                                0x49c (size before relaxing)
 .debug_str     0x000006d4      0x1fc Devices/BrightControl.o
                                0x403 (size before relaxing)
 .debug_str     0x000008d0      0x141 Devices/Driver74141.o
                                0x3ab (size before relaxing)
 .debug_str     0x00000a11      0x255 Devices/DS3231.o
                                0x4d0 (size before relaxing)
 .debug_str     0x00000c66      0x45c Devices/DynamicTubeDriver.o
                                0x703 (size before relaxing)
 .debug_str     0x000010c2       0xe0 Devices/interDevices.o
                                0x30a (size before relaxing)
 .debug_str     0x000011a2      0x24c Devices/SwitchControl.o
                                0x6aa (size before relaxing)
 .debug_str     0x000013ee      0x10f Devices/TimeTicker.o
                                0x378 (size before relaxing)
 .debug_str     0x000014fd      0x11a Devices/UART.o
                                0x585 (size before relaxing)
 .debug_str     0x00001617      0x114 main.o
                                0x7b5 (size before relaxing)
 .debug_str     0x0000172b       0x3d Objects/ClockTime.o
                                0x396 (size before relaxing)

.debug_loc      0x00000000     0x235f
 *(.debug_loc)
 .debug_loc     0x00000000      0x4f7 Devices/absTWI.o
 .debug_loc     0x000004f7       0xf6 Devices/BrightControl.o
 .debug_loc     0x000005ed       0x66 Devices/Driver74141.o
 .debug_loc     0x00000653      0xa0a Devices/DS3231.o
 .debug_loc     0x0000105d      0x7e9 Devices/DynamicTubeDriver.o
 .debug_loc     0x00001846      0x36c Devices/SwitchControl.o
 .debug_loc     0x00001bb2      0x169 Devices/TimeTicker.o
 .debug_loc     0x00001d1b      0x253 Devices/UART.o
 .debug_loc     0x00001f6e      0x359 main.o
 .debug_loc     0x000022c7       0x98 Objects/ClockTime.o

.debug_macinfo
 *(.debug_macinfo)

.debug_weaknames
 *(.debug_weaknames)

.debug_funcnames
 *(.debug_funcnames)

.debug_typenames
 *(.debug_typenames)

.debug_varnames
 *(.debug_varnames)

.debug_pubtypes
 *(.debug_pubtypes)

.debug_ranges   0x00000000      0x308
 *(.debug_ranges)
 .debug_ranges  0x00000000       0x58 Devices/absTWI.o
 .debug_ranges  0x00000058       0x40 Devices/BrightControl.o
 .debug_ranges  0x00000098       0x40 Devices/Driver74141.o
 .debug_ranges  0x000000d8       0x60 Devices/DS3231.o
 .debug_ranges  0x00000138       0x48 Devices/DynamicTubeDriver.o
 .debug_ranges  0x00000180       0x10 Devices/interDevices.o
 .debug_ranges  0x00000190       0x70 Devices/SwitchControl.o
 .debug_ranges  0x00000200       0x40 Devices/TimeTicker.o
 .debug_ranges  0x00000240       0x58 Devices/UART.o
 .debug_ranges  0x00000298       0x40 main.o
 .debug_ranges  0x000002d8       0x30 Objects/ClockTime.o

.debug_macro
 *(.debug_macro)
OUTPUT(Nixie.Dynamic.Drive.6Tube.MK1.elf elf32-avr)
LOAD linker stubs
